###############################################################################
#
# IAR ELF Linker V9.60.3.422/W64 for ARM                  16/May/2025  23:51:06
# Copyright 2007-2024 IAR Systems AB.
#
#    Output file  =
#        C:\WorkSpace\ExternalLoader_STM32U3_PY25Q64HA\Project\PY25Q64HA_STM32U375\Exe\PY25Q64HA_STM32U375.stldr
#    Map file     =
#        C:\WorkSpace\ExternalLoader_STM32U3_PY25Q64HA\Project\PY25Q64HA_STM32U375\List\PY25Q64HA_STM32U375.map
#    Command line =
#        -f
#        C:\WorkSpace\ExternalLoader_STM32U3_PY25Q64HA\Project\PY25Q64HA_STM32U375\Exe\PY25Q64HA_STM32U375.stldr.rsp
#        (C:\WorkSpace\ExternalLoader_STM32U3_PY25Q64HA\Project\PY25Q64HA_STM32U375\Obj\Loader_5723430765115092510.dir\Dev_Inf.o
#        C:\WorkSpace\ExternalLoader_STM32U3_PY25Q64HA\Project\PY25Q64HA_STM32U375\Obj\Loader_5723430765115092510.dir\Loader_Src.o
#        C:\WorkSpace\ExternalLoader_STM32U3_PY25Q64HA\Project\PY25Q64HA_STM32U375\Obj\Library_12270351780628986503.dir\py25q64ha.o
#        C:\WorkSpace\ExternalLoader_STM32U3_PY25Q64HA\Project\PY25Q64HA_STM32U375\Obj\Library_12270351780628986503.dir\stm32u3xx_hal.o
#        C:\WorkSpace\ExternalLoader_STM32U3_PY25Q64HA\Project\PY25Q64HA_STM32U375\Obj\Library_12270351780628986503.dir\stm32u3xx_hal_cortex.o
#        C:\WorkSpace\ExternalLoader_STM32U3_PY25Q64HA\Project\PY25Q64HA_STM32U375\Obj\Library_12270351780628986503.dir\stm32u3xx_hal_dma.o
#        C:\WorkSpace\ExternalLoader_STM32U3_PY25Q64HA\Project\PY25Q64HA_STM32U375\Obj\Library_12270351780628986503.dir\stm32u3xx_hal_dma_ex.o
#        C:\WorkSpace\ExternalLoader_STM32U3_PY25Q64HA\Project\PY25Q64HA_STM32U375\Obj\Library_12270351780628986503.dir\stm32u3xx_hal_exti.o
#        C:\WorkSpace\ExternalLoader_STM32U3_PY25Q64HA\Project\PY25Q64HA_STM32U375\Obj\Library_12270351780628986503.dir\stm32u3xx_hal_flash.o
#        C:\WorkSpace\ExternalLoader_STM32U3_PY25Q64HA\Project\PY25Q64HA_STM32U375\Obj\Library_12270351780628986503.dir\stm32u3xx_hal_flash_ex.o
#        C:\WorkSpace\ExternalLoader_STM32U3_PY25Q64HA\Project\PY25Q64HA_STM32U375\Obj\Library_12270351780628986503.dir\stm32u3xx_hal_gpio.o
#        C:\WorkSpace\ExternalLoader_STM32U3_PY25Q64HA\Project\PY25Q64HA_STM32U375\Obj\Library_12270351780628986503.dir\stm32u3xx_hal_gtzc.o
#        C:\WorkSpace\ExternalLoader_STM32U3_PY25Q64HA\Project\PY25Q64HA_STM32U375\Obj\Library_12270351780628986503.dir\stm32u3xx_hal_icache.o
#        C:\WorkSpace\ExternalLoader_STM32U3_PY25Q64HA\Project\PY25Q64HA_STM32U375\Obj\Library_12270351780628986503.dir\stm32u3xx_hal_pwr.o
#        C:\WorkSpace\ExternalLoader_STM32U3_PY25Q64HA\Project\PY25Q64HA_STM32U375\Obj\Library_12270351780628986503.dir\stm32u3xx_hal_pwr_ex.o
#        C:\WorkSpace\ExternalLoader_STM32U3_PY25Q64HA\Project\PY25Q64HA_STM32U375\Obj\Library_12270351780628986503.dir\stm32u3xx_hal_rcc.o
#        C:\WorkSpace\ExternalLoader_STM32U3_PY25Q64HA\Project\PY25Q64HA_STM32U375\Obj\Library_12270351780628986503.dir\stm32u3xx_hal_rcc_ex.o
#        C:\WorkSpace\ExternalLoader_STM32U3_PY25Q64HA\Project\PY25Q64HA_STM32U375\Obj\Library_12270351780628986503.dir\stm32u3xx_hal_tim.o
#        C:\WorkSpace\ExternalLoader_STM32U3_PY25Q64HA\Project\PY25Q64HA_STM32U375\Obj\Library_12270351780628986503.dir\stm32u3xx_hal_tim_ex.o
#        C:\WorkSpace\ExternalLoader_STM32U3_PY25Q64HA\Project\PY25Q64HA_STM32U375\Obj\Library_12270351780628986503.dir\stm32u3xx_hal_xspi.o
#        C:\WorkSpace\ExternalLoader_STM32U3_PY25Q64HA\Project\PY25Q64HA_STM32U375\Obj\Library_12270351780628986503.dir\stm32u3xx_ll_dlyb.o
#        C:\WorkSpace\ExternalLoader_STM32U3_PY25Q64HA\Project\PY25Q64HA_STM32U375\Obj\Library_12270351780628986503.dir\system_stm32u3xx.o
#        --no_out_extension -o
#        C:\WorkSpace\ExternalLoader_STM32U3_PY25Q64HA\Project\PY25Q64HA_STM32U375\Exe\PY25Q64HA_STM32U375.stldr
#        --map
#        C:\WorkSpace\ExternalLoader_STM32U3_PY25Q64HA\Project\PY25Q64HA_STM32U375\List\PY25Q64HA_STM32U375.map
#        --config
#        C:\WorkSpace\ExternalLoader_STM32U3_PY25Q64HA\Project\Target.icf
#        --semihosting --entry Init --vfe --text_out locale
#        --cpu=Cortex-M33.no_dsp.no_se --fpu=None) --dependencies=n
#        C:\WorkSpace\ExternalLoader_STM32U3_PY25Q64HA\Project\PY25Q64HA_STM32U375\Exe\PY25Q64HA_STM32U375.stldr.iar_deps
#
###############################################################################

*******************************************************************************
*** RUNTIME MODEL ATTRIBUTES
***

__CPP_Runtime   = 1
__SystemLibrary = DLib
__dlib_version  = 6


*******************************************************************************
*** HEAP SELECTION
***

The basic heap was selected because --advanced_heap
was not specified and the application did not appear to
be primarily optimized for speed.


*******************************************************************************
*** PLACEMENT SUMMARY
***

define block RAM_BLOCK with fixed order { ro code, ro data, rw };
"P1":  place in [from 0x2000'0004 to 0x2003'ffff] { block RAM_BLOCK };
"P2":  place in [from 0x2000'0004 to 0x2003'ffff] { zi };
define block Info_BLOCK with fixed order { ro data object Dev_Inf.o };
"P3":  place in [from 0x0 to 0x100] { block Info_BLOCK };
do not initialize { section .info, rw };

  Section     Kind         Address  Alignment    Size  Object
  -------     ----         -------  ---------    ----  ------
"P3":                                            0xc8
  Info_BLOCK                   0x0               0xc8  <Block>
    .rodata   const            0x0          4    0xc8  Dev_Inf.o [2]
                            - 0xc8               0xc8

"P1-P2", part 1 of 2:                          0x2401
  RAM_BLOCK            0x2000'0004             0x2401  <Block>
    .text     ro code  0x2000'0004          4   0x488  Loader_Src.o [2]
    .text     ro code  0x2000'048c          4    0x66  ABImemset.o [3]
    .text     ro code  0x2000'04f4          4    0xa4  system_stm32u3xx.o [1]
    .text     ro code  0x2000'0598          4    0x38  stm32u3xx_hal.o [1]
    .text     ro code  0x2000'05d0          4   0x7ac  py25q64ha.o [1]
    .text     ro code  0x2000'0d7c          4   0x370  stm32u3xx_hal_rcc_ex.o [1]
    .text     ro code  0x2000'10ec          4    0x80  stm32u3xx_hal_pwr_ex.o [1]
    .text     ro code  0x2000'116c          4   0x698  stm32u3xx_hal_rcc.o [1]
    .text     ro code  0x2000'1804          4   0x7d0  stm32u3xx_hal_xspi.o [1]
    .text     ro code  0x2000'1fd4          4   0x33c  stm32u3xx_hal_gpio.o [1]
    .text     ro code  0x2000'2310          4    0x14  stm32u3xx_hal_icache.o [1]
    .text     ro code  0x2000'2324          4    0x9c  stm32u3xx_hal_cortex.o [1]
    .text     ro code  0x2000'23c0          2     0x2  stm32u3xx_hal.o [1]
    .text     ro code  0x2000'23c4          4    0x28  stm32u3xx_hal.o [1]
    .rodata   const    0x2000'23ec          4    0x10  system_stm32u3xx.o [1]
    .data     rw data  0x2000'23fc          4     0x4  stm32u3xx_hal.o [1]
    .data     rw data  0x2000'2400          4     0x4  system_stm32u3xx.o [1]
    .data     rw data  0x2000'2404                0x1  stm32u3xx_hal.o [1]
                     - 0x2000'2405             0x2401

"P1-P2", part 2 of 2:                            0x64
  .bss                 0x2000'2408               0x64  <Block>
    .bss      uninit   0x2000'2408          4    0x60  Loader_Src.o [2]
    .bss      uninit   0x2000'2468          4     0x4  stm32u3xx_hal.o [1]
                     - 0x2000'246c               0x64

Unused ranges:

         From           To      Size
         ----           --      ----
         0xc8        0x100      0x39
  0x2000'2405  0x2000'2407       0x3
  0x2000'246c  0x2003'ffff  0x3'db94



*******************************************************************************
*** MODULE SUMMARY
***

    Module                  ro code  ro data  rw data
    ------                  -------  -------  -------
command line/config:
    -------------------------------------------------
    Total:

C:\WorkSpace\ExternalLoader_STM32U3_PY25Q64HA\Project\PY25Q64HA_STM32U375\Obj\Library_12270351780628986503.dir: [1]
    py25q64ha.o               1'964
    stm32u3xx_hal.o              98                 9
    stm32u3xx_hal_cortex.o      156
    stm32u3xx_hal_gpio.o        828
    stm32u3xx_hal_icache.o       20
    stm32u3xx_hal_pwr_ex.o      128
    stm32u3xx_hal_rcc.o       1'688
    stm32u3xx_hal_rcc_ex.o      880
    stm32u3xx_hal_xspi.o      2'000
    system_stm32u3xx.o          164       16        4
    -------------------------------------------------
    Total:                    7'926       16       13

C:\WorkSpace\ExternalLoader_STM32U3_PY25Q64HA\Project\PY25Q64HA_STM32U375\Obj\Loader_5723430765115092510.dir: [2]
    Dev_Inf.o                            200
    Loader_Src.o              1'160                96
    -------------------------------------------------
    Total:                    1'160      200       96

rt7M_tl.a: [3]
    ABImemset.o                 102
    -------------------------------------------------
    Total:                      102

    Gaps                          4
-----------------------------------------------------
    Grand Total:              9'192      216      109


*******************************************************************************
*** ENTRY LIST
***

Entry                       Address   Size  Type      Object
-----                       -------   ----  ----      ------
.bss$$Base              0x2000'2408          --   Gb  - Linker created -
.bss$$Length                   0x64          --   Gb  - Linker created -
.bss$$Limit             0x2000'246c          --   Gb  - Linker created -
AHBPrescTable           0x2000'23ec   0x10  Data  Gb  system_stm32u3xx.o [1]
CheckSum                0x2000'0131    0x4  Code  Gb  Loader_Src.o [2]
HAL_Delay               0x2000'23c5   0x28  Code  Wk  stm32u3xx_hal.o [1]
HAL_GPIO_DeInit         0x2000'2197  0x148  Code  Gb  stm32u3xx_hal_gpio.o [1]
HAL_GPIO_Init           0x2000'1fd5  0x1c2  Code  Gb  stm32u3xx_hal_gpio.o [1]
HAL_GetTick             0x2000'002f   0x22  Code  Gb  Loader_Src.o [2]
HAL_ICACHE_Enable       0x2000'2311    0xe  Code  Gb  stm32u3xx_hal_icache.o [1]
HAL_Init                0x2000'0599   0x32  Code  Gb  stm32u3xx_hal.o [1]
HAL_InitTick            0x2000'0005   0x2a  Code  Gb  Loader_Src.o [2]
HAL_MspInit             0x2000'23c1    0x2  Code  Wk  stm32u3xx_hal.o [1]
HAL_NVIC_SetPriorityGrouping
                        0x2000'2343    0x8  Code  Gb  stm32u3xx_hal_cortex.o [1]
HAL_PWREx_ControlVoltageScaling
                        0x2000'10ed   0x40  Code  Gb  stm32u3xx_hal_pwr_ex.o [1]
HAL_PWREx_EnableEpodBooster
                        0x2000'112d   0x32  Code  Gb  stm32u3xx_hal_pwr_ex.o [1]
HAL_RCCEx_EpodBoosterClkConfig
                        0x2000'1083   0x46  Code  Gb  stm32u3xx_hal_rcc_ex.o [1]
HAL_RCCEx_PeriphCLKConfig
                        0x2000'0d7d  0x306  Code  Gb  stm32u3xx_hal_rcc_ex.o [1]
HAL_RCC_ClockConfig     0x2000'1651  0x130  Code  Gb  stm32u3xx_hal_rcc.o [1]
HAL_RCC_GetSysClockFreq
                        0x2000'1781   0x3e  Code  Gb  stm32u3xx_hal_rcc.o [1]
HAL_RCC_OscConfig       0x2000'116d  0x4e4  Code  Gb  stm32u3xx_hal_rcc.o [1]
HAL_SYSTICK_CLKSourceConfig
                        0x2000'234b   0x64  Code  Gb  stm32u3xx_hal_cortex.o [1]
HAL_XSPI_AutoPolling    0x2000'1bf3   0xd0  Code  Gb  stm32u3xx_hal_xspi.o [1]
HAL_XSPI_Command        0x2000'1989   0xe4  Code  Gb  stm32u3xx_hal_xspi.o [1]
HAL_XSPI_DeInit         0x2000'194b   0x36  Code  Gb  stm32u3xx_hal_xspi.o [1]
HAL_XSPI_Init           0x2000'1805  0x146  Code  Gb  stm32u3xx_hal_xspi.o [1]
HAL_XSPI_MemoryMapped   0x2000'1cc3   0x6e  Code  Gb  stm32u3xx_hal_xspi.o [1]
HAL_XSPI_MspDeInit      0x2000'0409   0x2a  Code  Gb  Loader_Src.o [2]
HAL_XSPI_MspInit        0x2000'030f   0xfa  Code  Gb  Loader_Src.o [2]
HAL_XSPI_Receive        0x2000'1b17   0xdc  Code  Gb  stm32u3xx_hal_xspi.o [1]
HAL_XSPI_SetTimeout     0x2000'1d33    0x6  Code  Gb  stm32u3xx_hal_xspi.o [1]
HAL_XSPI_Transmit       0x2000'1a6d   0xaa  Code  Gb  stm32u3xx_hal_xspi.o [1]
Info_BLOCK$$Base                0x0          --   Gb  - Linker created -
Info_BLOCK$$Limit              0xc8          --   Gb  - Linker created -
Init                    0x2000'0051   0x58  Code  Gb  Loader_Src.o [2]
MX_ICACHE_Init          0x2000'0485    0x8  Code  Lc  Loader_Src.o [2]
MX_OCTOSPI1_DeInit      0x2000'02db   0x34  Code  Lc  Loader_Src.o [2]
MX_OCTOSPI1_Init        0x2000'0287   0x54  Code  Lc  Loader_Src.o [2]
MassErase               0x2000'00db   0x22  Code  Gb  Loader_Src.o [2]
PY25Q63_IsBusy          0x2000'0d21   0x30  Code  Gb  py25q64ha.o [1]
PY25Q64_AutoPollingMemReady
                        0x2000'098f   0x84  Code  Gb  py25q64ha.o [1]
PY25Q64_BlockErase      0x2000'0a6f   0x7c  Code  Gb  py25q64ha.o [1]
PY25Q64_Delay           0x2000'0d51   0x1a  Code  Gb  py25q64ha.o [1]
PY25Q64_Init            0x2000'05d1   0x52  Code  Gb  py25q64ha.o [1]
PY25Q64_MassErase       0x2000'0a13   0x5c  Code  Gb  py25q64ha.o [1]
PY25Q64_MemoryMappedMode
                        0x2000'081f   0xb2  Code  Gb  py25q64ha.o [1]
PY25Q64_Program         0x2000'08d1   0xbe  Code  Gb  py25q64ha.o [1]
PY25Q64_QPIDisable      0x2000'07d5   0x4a  Code  Gb  py25q64ha.o [1]
PY25Q64_QuadModeEnable  0x2000'078b   0x4a  Code  Gb  py25q64ha.o [1]
PY25Q64_ReadID          0x2000'0c9f   0x82  Code  Gb  py25q64ha.o [1]
PY25Q64_ReadStatus0Register
                        0x2000'0b5b   0x66  Code  Gb  py25q64ha.o [1]
PY25Q64_ReadStatus1Register
                        0x2000'0bc1   0x66  Code  Gb  py25q64ha.o [1]
PY25Q64_ResetMemory     0x2000'0aeb   0x70  Code  Gb  py25q64ha.o [1]
PY25Q64_WriteDisable    0x2000'06d7   0xb4  Code  Gb  py25q64ha.o [1]
PY25Q64_WriteEnable     0x2000'0623   0xb4  Code  Gb  py25q64ha.o [1]
PY25Q64_WriteStatus1Register
                        0x2000'0c2d   0x72  Code  Gb  py25q64ha.o [1]
RAM_BLOCK$$Base         0x2000'0004          --   Gb  - Linker created -
RAM_BLOCK$$Limit        0x2000'2405          --   Gb  - Linker created -
SectorErase             0x2000'00fd   0x34  Code  Gb  Loader_Src.o [2]
StorageInfo                     0x0   0xc8  Data  Gb  Dev_Inf.o [2]
SystemClockInit         0x2000'0189   0xfe  Code  Gb  Loader_Src.o [2]
SystemCoreClock         0x2000'2400    0x4  Data  Gb  system_stm32u3xx.o [1]
SystemCoreClockUpdate   0x2000'04f7   0x7c  Code  Gb  system_stm32u3xx.o [1]
SystemInit              0x2000'04f5    0x2  Code  Gb  system_stm32u3xx.o [1]
Verify                  0x2000'0135   0x54  Code  Gb  Loader_Src.o [2]
Write                   0x2000'00a9   0x32  Code  Gb  Loader_Src.o [2]
XSPI_ConfigCmd          0x2000'1d89  0x236  Code  Lc  stm32u3xx_hal_xspi.o [1]
XSPI_WaitFlagStateUntilTimeout
                        0x2000'1d39   0x50  Code  Lc  stm32u3xx_hal_xspi.o [1]
__NVIC_SetPriorityGrouping
                        0x2000'2325   0x1e  Code  Lc  stm32u3xx_hal_cortex.o [1]
__aeabi_memset          0x2000'048d         Code  Gb  ABImemset.o [3]
__iar_Memset            0x2000'048d         Code  Gb  ABImemset.o [3]
__iar_Memset_word       0x2000'0495         Code  Gb  ABImemset.o [3]
hxspi1                  0x2000'2408   0x60  Data  Gb  Loader_Src.o [2]
uwTick                  0x2000'2468    0x4  Data  Gb  stm32u3xx_hal.o [1]
uwTickFreq              0x2000'2404    0x1  Data  Gb  stm32u3xx_hal.o [1]
uwTickPrio              0x2000'23fc    0x4  Data  Gb  stm32u3xx_hal.o [1]


[1] = C:\WorkSpace\ExternalLoader_STM32U3_PY25Q64HA\Project\PY25Q64HA_STM32U375\Obj\Library_12270351780628986503.dir
[2] = C:\WorkSpace\ExternalLoader_STM32U3_PY25Q64HA\Project\PY25Q64HA_STM32U375\Obj\Loader_5723430765115092510.dir
[3] = rt7M_tl.a

  9'192 bytes of readonly  code memory
    216 bytes of readonly  data memory
    109 bytes of readwrite data memory

Errors: none
Warnings: none
